// Jest Snapshot v1, https://goo.gl/fbAQLP

exports[`testig error boundry 1`] = `ShallowWrapper {}`;
