// Jest Snapshot v1, https://goo.gl/fbAQLP

exports[`rendering mainpage withut  crashing 1`] = `ShallowWrapper {}`;
