// Jest Snapshot v1, https://goo.gl/fbAQLP

exports[`test to render card list component. 1`] = `ShallowWrapper {}`;
